mode: set
gin-artweb/internal/service/sys/api.go:26.15,31.2 1 1
gin-artweb/internal/service/sys/api.go:36.39,38.22 2 1
gin-artweb/internal/service/sys/api.go:38.22,40.3 1 1
gin-artweb/internal/service/sys/api.go:41.2,50.55 4 1
gin-artweb/internal/service/sys/api.go:50.55,58.3 2 0
gin-artweb/internal/service/sys/api.go:60.2,60.21 1 1
gin-artweb/internal/service/sys/api.go:60.21,61.58 1 0
gin-artweb/internal/service/sys/api.go:61.58,68.4 1 0
gin-artweb/internal/service/sys/api.go:71.2,71.52 1 1
gin-artweb/internal/service/sys/api.go:71.52,80.3 3 0
gin-artweb/internal/service/sys/api.go:82.2,87.16 2 1
gin-artweb/internal/service/sys/api.go:94.39,96.22 2 1
gin-artweb/internal/service/sys/api.go:96.22,98.3 1 1
gin-artweb/internal/service/sys/api.go:99.2,108.17 4 1
gin-artweb/internal/service/sys/api.go:108.17,115.3 2 1
gin-artweb/internal/service/sys/api.go:117.2,117.68 1 1
gin-artweb/internal/service/sys/api.go:117.68,126.3 2 0
gin-artweb/internal/service/sys/api.go:128.2,128.29 1 1
gin-artweb/internal/service/sys/api.go:128.29,129.59 1 0
gin-artweb/internal/service/sys/api.go:129.59,136.4 1 0
gin-artweb/internal/service/sys/api.go:139.2,140.80 2 1
gin-artweb/internal/service/sys/api.go:140.80,150.3 3 0
gin-artweb/internal/service/sys/api.go:152.2,152.21 1 1
gin-artweb/internal/service/sys/api.go:152.21,154.77 2 0
gin-artweb/internal/service/sys/api.go:154.77,162.4 1 0
gin-artweb/internal/service/sys/api.go:165.2,166.17 2 1
gin-artweb/internal/service/sys/api.go:166.17,175.3 4 0
gin-artweb/internal/service/sys/api.go:177.2,177.58 1 1
gin-artweb/internal/service/sys/api.go:177.58,187.3 4 0
gin-artweb/internal/service/sys/api.go:189.2,194.20 2 1
gin-artweb/internal/service/sys/api.go:200.17,202.22 2 1
gin-artweb/internal/service/sys/api.go:202.22,204.3 1 1
gin-artweb/internal/service/sys/api.go:205.2,213.17 4 1
gin-artweb/internal/service/sys/api.go:213.17,221.3 2 1
gin-artweb/internal/service/sys/api.go:223.2,223.62 1 1
gin-artweb/internal/service/sys/api.go:223.62,232.3 2 0
gin-artweb/internal/service/sys/api.go:234.2,234.29 1 1
gin-artweb/internal/service/sys/api.go:234.29,235.54 1 0
gin-artweb/internal/service/sys/api.go:235.54,242.4 1 0
gin-artweb/internal/service/sys/api.go:245.2,245.58 1 1
gin-artweb/internal/service/sys/api.go:245.58,254.3 3 0
gin-artweb/internal/service/sys/api.go:256.2,261.12 2 1
gin-artweb/internal/service/sys/api.go:267.39,269.22 2 1
gin-artweb/internal/service/sys/api.go:269.22,271.3 1 1
gin-artweb/internal/service/sys/api.go:272.2,275.16 3 1
gin-artweb/internal/service/sys/api.go:275.16,283.3 2 1
gin-artweb/internal/service/sys/api.go:285.2,290.15 2 1
gin-artweb/internal/service/sys/api.go:297.47,299.22 2 1
gin-artweb/internal/service/sys/api.go:299.22,301.3 1 1
gin-artweb/internal/service/sys/api.go:302.2,320.16 6 1
gin-artweb/internal/service/sys/api.go:320.16,328.3 2 0
gin-artweb/internal/service/sys/api.go:330.2,330.16 1 1
gin-artweb/internal/service/sys/api.go:330.16,336.3 2 0
gin-artweb/internal/service/sys/api.go:338.2,339.16 2 1
gin-artweb/internal/service/sys/api.go:339.16,347.3 2 0
gin-artweb/internal/service/sys/api.go:349.2,349.23 1 1
gin-artweb/internal/service/sys/api.go:354.9,363.16 5 1
gin-artweb/internal/service/sys/api.go:363.16,371.3 2 1
gin-artweb/internal/service/sys/api.go:373.2,374.19 2 1
gin-artweb/internal/service/sys/api.go:374.19,380.3 2 0
gin-artweb/internal/service/sys/api.go:382.2,383.20 2 1
gin-artweb/internal/service/sys/api.go:383.20,384.57 1 1
gin-artweb/internal/service/sys/api.go:384.57,392.4 2 0
gin-artweb/internal/service/sys/api.go:396.2,406.19 3 1
gin-artweb/internal/service/sys/api.go:406.19,408.3 1 0
gin-artweb/internal/service/sys/api.go:409.2,409.12 1 1
gin-artweb/internal/service/sys/button.go:30.18,37.2 1 0
gin-artweb/internal/service/sys/button.go:42.40,44.22 2 0
gin-artweb/internal/service/sys/button.go:44.22,46.3 1 0
gin-artweb/internal/service/sys/button.go:47.2,50.16 3 0
gin-artweb/internal/service/sys/button.go:50.16,58.3 2 0
gin-artweb/internal/service/sys/button.go:60.2,60.15 1 0
gin-artweb/internal/service/sys/button.go:66.40,68.22 2 0
gin-artweb/internal/service/sys/button.go:68.22,70.3 1 0
gin-artweb/internal/service/sys/button.go:71.2,73.22 2 0
gin-artweb/internal/service/sys/button.go:73.22,75.3 1 0
gin-artweb/internal/service/sys/button.go:77.2,87.16 4 0
gin-artweb/internal/service/sys/button.go:87.16,95.3 2 0
gin-artweb/internal/service/sys/button.go:97.2,97.16 1 0
gin-artweb/internal/service/sys/button.go:103.42,105.22 2 0
gin-artweb/internal/service/sys/button.go:105.22,107.3 1 0
gin-artweb/internal/service/sys/button.go:108.2,118.16 5 0
gin-artweb/internal/service/sys/button.go:118.16,125.3 2 0
gin-artweb/internal/service/sys/button.go:126.2,129.16 3 0
gin-artweb/internal/service/sys/button.go:129.16,136.3 2 0
gin-artweb/internal/service/sys/button.go:138.2,138.64 1 0
gin-artweb/internal/service/sys/button.go:138.64,146.3 2 0
gin-artweb/internal/service/sys/button.go:148.2,148.21 1 0
gin-artweb/internal/service/sys/button.go:148.21,149.61 1 0
gin-artweb/internal/service/sys/button.go:149.61,156.4 1 0
gin-artweb/internal/service/sys/button.go:159.2,159.19 1 0
gin-artweb/internal/service/sys/button.go:159.19,161.3 1 0
gin-artweb/internal/service/sys/button.go:163.2,163.60 1 0
gin-artweb/internal/service/sys/button.go:163.60,172.3 3 0
gin-artweb/internal/service/sys/button.go:174.2,179.16 2 0
gin-artweb/internal/service/sys/button.go:186.42,188.22 2 0
gin-artweb/internal/service/sys/button.go:188.22,190.3 1 0
gin-artweb/internal/service/sys/button.go:191.2,200.17 4 0
gin-artweb/internal/service/sys/button.go:200.17,207.3 2 0
gin-artweb/internal/service/sys/button.go:209.2,210.17 2 0
gin-artweb/internal/service/sys/button.go:210.17,218.3 2 0
gin-artweb/internal/service/sys/button.go:220.2,220.72 1 0
gin-artweb/internal/service/sys/button.go:220.72,228.3 2 0
gin-artweb/internal/service/sys/button.go:230.2,230.29 1 0
gin-artweb/internal/service/sys/button.go:230.29,231.63 1 0
gin-artweb/internal/service/sys/button.go:231.63,238.4 1 0
gin-artweb/internal/service/sys/button.go:241.2,242.92 2 0
gin-artweb/internal/service/sys/button.go:242.92,252.3 3 0
gin-artweb/internal/service/sys/button.go:254.2,254.21 1 0
gin-artweb/internal/service/sys/button.go:254.21,256.96 2 0
gin-artweb/internal/service/sys/button.go:256.96,263.4 1 0
gin-artweb/internal/service/sys/button.go:266.2,267.17 2 0
gin-artweb/internal/service/sys/button.go:267.17,277.3 4 0
gin-artweb/internal/service/sys/button.go:279.2,279.61 1 0
gin-artweb/internal/service/sys/button.go:279.61,289.3 4 0
gin-artweb/internal/service/sys/button.go:291.2,296.15 2 0
gin-artweb/internal/service/sys/button.go:302.17,304.22 2 0
gin-artweb/internal/service/sys/button.go:304.22,306.3 1 0
gin-artweb/internal/service/sys/button.go:307.2,315.17 4 0
gin-artweb/internal/service/sys/button.go:315.17,323.3 2 0
gin-artweb/internal/service/sys/button.go:325.2,325.70 1 0
gin-artweb/internal/service/sys/button.go:325.70,334.3 2 0
gin-artweb/internal/service/sys/button.go:336.2,336.29 1 0
gin-artweb/internal/service/sys/button.go:336.29,337.62 1 0
gin-artweb/internal/service/sys/button.go:337.62,344.4 1 0
gin-artweb/internal/service/sys/button.go:347.2,347.64 1 0
gin-artweb/internal/service/sys/button.go:347.64,356.3 3 0
gin-artweb/internal/service/sys/button.go:358.2,363.12 2 0
gin-artweb/internal/service/sys/button.go:370.42,372.22 2 0
gin-artweb/internal/service/sys/button.go:372.22,374.3 1 0
gin-artweb/internal/service/sys/button.go:375.2,378.16 3 0
gin-artweb/internal/service/sys/button.go:378.16,387.3 2 0
gin-artweb/internal/service/sys/button.go:389.2,393.15 2 0
gin-artweb/internal/service/sys/button.go:400.50,402.22 2 0
gin-artweb/internal/service/sys/button.go:402.22,404.3 1 0
gin-artweb/internal/service/sys/button.go:405.2,423.16 6 0
gin-artweb/internal/service/sys/button.go:423.16,431.3 2 0
gin-artweb/internal/service/sys/button.go:433.2,433.16 1 0
gin-artweb/internal/service/sys/button.go:433.16,439.3 2 0
gin-artweb/internal/service/sys/button.go:441.2,442.16 2 0
gin-artweb/internal/service/sys/button.go:442.16,450.3 2 0
gin-artweb/internal/service/sys/button.go:451.2,451.23 1 0
gin-artweb/internal/service/sys/button.go:456.9,466.16 5 0
gin-artweb/internal/service/sys/button.go:466.16,474.3 2 0
gin-artweb/internal/service/sys/button.go:476.2,477.22 2 0
gin-artweb/internal/service/sys/button.go:477.22,483.3 2 0
gin-artweb/internal/service/sys/button.go:485.2,486.20 2 0
gin-artweb/internal/service/sys/button.go:486.20,487.65 1 0
gin-artweb/internal/service/sys/button.go:487.65,494.4 2 0
gin-artweb/internal/service/sys/button.go:498.2,508.19 3 0
gin-artweb/internal/service/sys/button.go:508.19,510.3 1 0
gin-artweb/internal/service/sys/button.go:511.2,511.12 1 0
gin-artweb/internal/service/sys/menu.go:28.16,34.2 1 0
gin-artweb/internal/service/sys/menu.go:39.40,41.22 2 0
gin-artweb/internal/service/sys/menu.go:41.22,43.3 1 0
gin-artweb/internal/service/sys/menu.go:44.2,46.39 2 0
gin-artweb/internal/service/sys/menu.go:46.39,48.3 1 0
gin-artweb/internal/service/sys/menu.go:49.2,52.16 3 0
gin-artweb/internal/service/sys/menu.go:52.16,60.3 2 0
gin-artweb/internal/service/sys/menu.go:61.2,61.15 1 0
gin-artweb/internal/service/sys/menu.go:67.40,69.22 2 0
gin-artweb/internal/service/sys/menu.go:69.22,71.3 1 0
gin-artweb/internal/service/sys/menu.go:72.2,74.22 2 0
gin-artweb/internal/service/sys/menu.go:74.22,76.3 1 0
gin-artweb/internal/service/sys/menu.go:78.2,88.16 4 0
gin-artweb/internal/service/sys/menu.go:88.16,96.3 2 0
gin-artweb/internal/service/sys/menu.go:98.2,98.16 1 0
gin-artweb/internal/service/sys/menu.go:104.40,106.22 2 0
gin-artweb/internal/service/sys/menu.go:106.22,108.3 1 0
gin-artweb/internal/service/sys/menu.go:109.2,119.17 5 0
gin-artweb/internal/service/sys/menu.go:119.17,127.3 2 0
gin-artweb/internal/service/sys/menu.go:128.2,128.19 1 0
gin-artweb/internal/service/sys/menu.go:128.19,130.3 1 0
gin-artweb/internal/service/sys/menu.go:132.2,133.17 2 0
gin-artweb/internal/service/sys/menu.go:133.17,141.3 2 0
gin-artweb/internal/service/sys/menu.go:143.2,143.62 1 0
gin-artweb/internal/service/sys/menu.go:143.62,151.3 2 0
gin-artweb/internal/service/sys/menu.go:153.2,153.21 1 0
gin-artweb/internal/service/sys/menu.go:153.21,154.59 1 0
gin-artweb/internal/service/sys/menu.go:154.59,161.4 1 0
gin-artweb/internal/service/sys/menu.go:164.2,164.19 1 0
gin-artweb/internal/service/sys/menu.go:164.19,166.3 1 0
gin-artweb/internal/service/sys/menu.go:168.2,168.58 1 0
gin-artweb/internal/service/sys/menu.go:168.58,177.3 3 0
gin-artweb/internal/service/sys/menu.go:179.2,184.16 2 0
gin-artweb/internal/service/sys/menu.go:191.40,193.22 2 0
gin-artweb/internal/service/sys/menu.go:193.22,195.3 1 0
gin-artweb/internal/service/sys/menu.go:196.2,205.17 4 0
gin-artweb/internal/service/sys/menu.go:205.17,213.3 2 0
gin-artweb/internal/service/sys/menu.go:215.2,216.17 2 0
gin-artweb/internal/service/sys/menu.go:216.17,224.3 2 0
gin-artweb/internal/service/sys/menu.go:226.2,226.70 1 0
gin-artweb/internal/service/sys/menu.go:226.70,234.3 2 0
gin-artweb/internal/service/sys/menu.go:236.2,236.29 1 0
gin-artweb/internal/service/sys/menu.go:236.29,237.61 1 0
gin-artweb/internal/service/sys/menu.go:237.61,244.4 1 0
gin-artweb/internal/service/sys/menu.go:247.2,248.88 2 0
gin-artweb/internal/service/sys/menu.go:248.88,258.3 3 0
gin-artweb/internal/service/sys/menu.go:260.2,260.21 1 0
gin-artweb/internal/service/sys/menu.go:260.21,262.92 2 0
gin-artweb/internal/service/sys/menu.go:262.92,269.4 1 0
gin-artweb/internal/service/sys/menu.go:272.2,273.17 2 0
gin-artweb/internal/service/sys/menu.go:273.17,283.3 4 0
gin-artweb/internal/service/sys/menu.go:285.2,285.60 1 0
gin-artweb/internal/service/sys/menu.go:285.60,295.3 4 0
gin-artweb/internal/service/sys/menu.go:297.2,302.16 2 0
gin-artweb/internal/service/sys/menu.go:308.17,310.22 2 0
gin-artweb/internal/service/sys/menu.go:310.22,312.3 1 0
gin-artweb/internal/service/sys/menu.go:313.2,321.17 4 0
gin-artweb/internal/service/sys/menu.go:321.17,329.3 2 0
gin-artweb/internal/service/sys/menu.go:331.2,331.68 1 0
gin-artweb/internal/service/sys/menu.go:331.68,340.3 2 0
gin-artweb/internal/service/sys/menu.go:342.2,342.29 1 0
gin-artweb/internal/service/sys/menu.go:342.29,343.60 1 0
gin-artweb/internal/service/sys/menu.go:343.60,350.4 1 0
gin-artweb/internal/service/sys/menu.go:353.2,353.60 1 0
gin-artweb/internal/service/sys/menu.go:353.60,362.3 3 0
gin-artweb/internal/service/sys/menu.go:364.2,369.12 2 0
gin-artweb/internal/service/sys/menu.go:376.40,378.22 2 0
gin-artweb/internal/service/sys/menu.go:378.22,380.3 1 0
gin-artweb/internal/service/sys/menu.go:381.2,384.16 3 0
gin-artweb/internal/service/sys/menu.go:384.16,393.3 2 0
gin-artweb/internal/service/sys/menu.go:395.2,399.15 2 0
gin-artweb/internal/service/sys/menu.go:406.48,408.22 2 0
gin-artweb/internal/service/sys/menu.go:408.22,410.3 1 0
gin-artweb/internal/service/sys/menu.go:411.2,429.16 6 0
gin-artweb/internal/service/sys/menu.go:429.16,437.3 2 0
gin-artweb/internal/service/sys/menu.go:439.2,439.16 1 0
gin-artweb/internal/service/sys/menu.go:439.16,445.3 2 0
gin-artweb/internal/service/sys/menu.go:447.2,448.16 2 0
gin-artweb/internal/service/sys/menu.go:448.16,456.3 2 0
gin-artweb/internal/service/sys/menu.go:458.2,458.23 1 0
gin-artweb/internal/service/sys/menu.go:463.9,473.16 5 0
gin-artweb/internal/service/sys/menu.go:473.16,481.3 2 0
gin-artweb/internal/service/sys/menu.go:483.2,484.20 2 0
gin-artweb/internal/service/sys/menu.go:484.20,490.3 2 0
gin-artweb/internal/service/sys/menu.go:492.2,493.20 2 0
gin-artweb/internal/service/sys/menu.go:493.20,494.63 1 0
gin-artweb/internal/service/sys/menu.go:494.63,502.4 2 0
gin-artweb/internal/service/sys/menu.go:506.2,516.19 3 0
gin-artweb/internal/service/sys/menu.go:516.19,518.3 1 0
gin-artweb/internal/service/sys/menu.go:519.2,519.12 1 0
gin-artweb/internal/service/sys/password.go:25.61,26.24 1 0
gin-artweb/internal/service/sys/password.go:26.24,28.3 1 0
gin-artweb/internal/service/sys/password.go:30.2,33.29 2 0
gin-artweb/internal/service/sys/password.go:33.29,34.10 1 0
gin-artweb/internal/service/sys/password.go:35.27,36.26 1 0
gin-artweb/internal/service/sys/password.go:37.27,38.26 1 0
gin-artweb/internal/service/sys/password.go:39.27,40.26 1 0
gin-artweb/internal/service/sys/password.go:41.52,42.28 1 0
gin-artweb/internal/service/sys/password.go:47.2,47.30 1 0
gin-artweb/internal/service/sys/password.go:47.30,49.3 1 0
gin-artweb/internal/service/sys/password.go:50.2,50.30 1 0
gin-artweb/internal/service/sys/password.go:50.30,52.3 1 0
gin-artweb/internal/service/sys/password.go:53.2,53.30 1 0
gin-artweb/internal/service/sys/password.go:53.30,55.3 1 0
gin-artweb/internal/service/sys/password.go:56.2,56.32 1 0
gin-artweb/internal/service/sys/password.go:56.32,58.3 1 0
gin-artweb/internal/service/sys/password.go:60.2,60.19 1 0
gin-artweb/internal/service/sys/password.go:64.47,68.22 2 0
gin-artweb/internal/service/sys/password.go:68.22,70.3 1 0
gin-artweb/internal/service/sys/password.go:73.2,79.9 3 0
gin-artweb/internal/service/sys/password.go:80.18,81.26 1 0
gin-artweb/internal/service/sys/password.go:82.18,83.22 1 0
gin-artweb/internal/service/sys/password.go:84.18,85.24 1 0
gin-artweb/internal/service/sys/password.go:86.18,87.24 1 0
gin-artweb/internal/service/sys/password.go:88.10,89.28 1 0
gin-artweb/internal/service/sys/role.go:32.16,40.2 1 0
gin-artweb/internal/service/sys/role.go:45.40,47.22 2 0
gin-artweb/internal/service/sys/role.go:47.22,49.3 1 0
gin-artweb/internal/service/sys/role.go:50.2,52.22 2 0
gin-artweb/internal/service/sys/role.go:52.22,54.3 1 0
gin-artweb/internal/service/sys/role.go:56.2,66.16 4 0
gin-artweb/internal/service/sys/role.go:66.16,74.3 2 0
gin-artweb/internal/service/sys/role.go:76.2,76.16 1 0
gin-artweb/internal/service/sys/role.go:82.41,84.22 2 0
gin-artweb/internal/service/sys/role.go:84.22,86.3 1 0
gin-artweb/internal/service/sys/role.go:87.2,89.23 2 0
gin-artweb/internal/service/sys/role.go:89.23,91.3 1 0
gin-artweb/internal/service/sys/role.go:93.2,103.16 4 0
gin-artweb/internal/service/sys/role.go:103.16,111.3 2 0
gin-artweb/internal/service/sys/role.go:113.2,113.16 1 0
gin-artweb/internal/service/sys/role.go:119.43,121.22 2 0
gin-artweb/internal/service/sys/role.go:121.22,123.3 1 0
gin-artweb/internal/service/sys/role.go:124.2,126.25 2 0
gin-artweb/internal/service/sys/role.go:126.25,128.3 1 0
gin-artweb/internal/service/sys/role.go:130.2,140.16 4 0
gin-artweb/internal/service/sys/role.go:140.16,148.3 2 0
gin-artweb/internal/service/sys/role.go:150.2,150.16 1 0
gin-artweb/internal/service/sys/role.go:156.40,158.22 2 0
gin-artweb/internal/service/sys/role.go:158.22,160.3 1 0
gin-artweb/internal/service/sys/role.go:161.2,171.17 5 0
gin-artweb/internal/service/sys/role.go:171.17,179.3 2 0
gin-artweb/internal/service/sys/role.go:181.2,182.17 2 0
gin-artweb/internal/service/sys/role.go:182.17,190.3 2 0
gin-artweb/internal/service/sys/role.go:192.2,193.17 2 0
gin-artweb/internal/service/sys/role.go:193.17,201.3 2 0
gin-artweb/internal/service/sys/role.go:203.2,203.78 1 0
gin-artweb/internal/service/sys/role.go:203.78,211.3 2 0
gin-artweb/internal/service/sys/role.go:213.2,213.21 1 0
gin-artweb/internal/service/sys/role.go:213.21,214.59 1 0
gin-artweb/internal/service/sys/role.go:214.59,221.4 1 0
gin-artweb/internal/service/sys/role.go:224.2,224.19 1 0
gin-artweb/internal/service/sys/role.go:224.19,226.3 1 0
gin-artweb/internal/service/sys/role.go:227.2,227.20 1 0
gin-artweb/internal/service/sys/role.go:227.20,229.3 1 0
gin-artweb/internal/service/sys/role.go:230.2,230.22 1 0
gin-artweb/internal/service/sys/role.go:230.22,232.3 1 0
gin-artweb/internal/service/sys/role.go:234.2,234.58 1 0
gin-artweb/internal/service/sys/role.go:234.58,243.3 3 0
gin-artweb/internal/service/sys/role.go:245.2,250.16 2 0
gin-artweb/internal/service/sys/role.go:257.40,259.22 2 0
gin-artweb/internal/service/sys/role.go:259.22,261.3 1 0
gin-artweb/internal/service/sys/role.go:262.2,271.17 4 0
gin-artweb/internal/service/sys/role.go:271.17,279.3 2 0
gin-artweb/internal/service/sys/role.go:281.2,282.17 2 0
gin-artweb/internal/service/sys/role.go:282.17,290.3 2 0
gin-artweb/internal/service/sys/role.go:292.2,293.17 2 0
gin-artweb/internal/service/sys/role.go:293.17,301.3 2 0
gin-artweb/internal/service/sys/role.go:303.2,304.17 2 0
gin-artweb/internal/service/sys/role.go:304.17,312.3 2 0
gin-artweb/internal/service/sys/role.go:314.2,314.63 1 0
gin-artweb/internal/service/sys/role.go:314.63,322.3 2 0
gin-artweb/internal/service/sys/role.go:324.2,324.29 1 0
gin-artweb/internal/service/sys/role.go:324.29,325.61 1 0
gin-artweb/internal/service/sys/role.go:325.61,332.4 1 0
gin-artweb/internal/service/sys/role.go:335.2,336.104 2 0
gin-artweb/internal/service/sys/role.go:336.104,346.3 3 0
gin-artweb/internal/service/sys/role.go:348.2,348.21 1 0
gin-artweb/internal/service/sys/role.go:348.21,350.114 2 0
gin-artweb/internal/service/sys/role.go:350.114,357.4 1 0
gin-artweb/internal/service/sys/role.go:360.2,361.17 2 0
gin-artweb/internal/service/sys/role.go:361.17,371.3 4 0
gin-artweb/internal/service/sys/role.go:373.2,373.59 1 0
gin-artweb/internal/service/sys/role.go:373.59,383.3 4 0
gin-artweb/internal/service/sys/role.go:385.2,390.15 2 0
gin-artweb/internal/service/sys/role.go:396.17,398.22 2 0
gin-artweb/internal/service/sys/role.go:398.22,400.3 1 0
gin-artweb/internal/service/sys/role.go:401.2,409.17 4 0
gin-artweb/internal/service/sys/role.go:409.17,417.3 2 0
gin-artweb/internal/service/sys/role.go:420.2,420.62 1 0
gin-artweb/internal/service/sys/role.go:420.62,427.3 2 0
gin-artweb/internal/service/sys/role.go:430.2,430.29 1 0
gin-artweb/internal/service/sys/role.go:430.29,431.60 1 0
gin-artweb/internal/service/sys/role.go:431.60,437.4 1 0
gin-artweb/internal/service/sys/role.go:440.2,440.60 1 0
gin-artweb/internal/service/sys/role.go:440.60,449.3 3 0
gin-artweb/internal/service/sys/role.go:451.2,456.12 2 0
gin-artweb/internal/service/sys/role.go:463.40,465.22 2 0
gin-artweb/internal/service/sys/role.go:465.22,467.3 1 0
gin-artweb/internal/service/sys/role.go:468.2,471.16 3 0
gin-artweb/internal/service/sys/role.go:471.16,480.3 2 0
gin-artweb/internal/service/sys/role.go:482.2,486.15 2 0
gin-artweb/internal/service/sys/role.go:493.48,495.22 2 0
gin-artweb/internal/service/sys/role.go:495.22,497.3 1 0
gin-artweb/internal/service/sys/role.go:498.2,517.16 6 0
gin-artweb/internal/service/sys/role.go:517.16,525.3 2 0
gin-artweb/internal/service/sys/role.go:527.2,527.16 1 0
gin-artweb/internal/service/sys/role.go:527.16,533.3 2 0
gin-artweb/internal/service/sys/role.go:535.2,536.16 2 0
gin-artweb/internal/service/sys/role.go:536.16,544.3 2 0
gin-artweb/internal/service/sys/role.go:545.2,545.23 1 0
gin-artweb/internal/service/sys/role.go:550.9,560.16 5 0
gin-artweb/internal/service/sys/role.go:560.16,568.3 2 0
gin-artweb/internal/service/sys/role.go:570.2,571.20 2 0
gin-artweb/internal/service/sys/role.go:571.20,577.3 2 0
gin-artweb/internal/service/sys/role.go:579.2,580.20 2 0
gin-artweb/internal/service/sys/role.go:580.20,581.63 1 0
gin-artweb/internal/service/sys/role.go:581.63,588.4 2 0
gin-artweb/internal/service/sys/role.go:592.2,602.19 3 0
gin-artweb/internal/service/sys/role.go:602.19,604.3 1 0
gin-artweb/internal/service/sys/role.go:605.2,605.12 1 0
gin-artweb/internal/service/sys/role.go:611.44,613.22 2 0
gin-artweb/internal/service/sys/role.go:613.22,615.3 1 0
gin-artweb/internal/service/sys/role.go:616.2,619.17 3 0
gin-artweb/internal/service/sys/role.go:619.17,627.3 2 0
gin-artweb/internal/service/sys/role.go:629.2,631.31 3 0
gin-artweb/internal/service/sys/role.go:631.31,633.27 2 0
gin-artweb/internal/service/sys/role.go:633.27,635.4 1 0
gin-artweb/internal/service/sys/role.go:638.2,639.35 2 0
gin-artweb/internal/service/sys/role.go:639.35,641.3 1 0
gin-artweb/internal/service/sys/role.go:643.2,644.32 2 0
gin-artweb/internal/service/sys/role.go:644.32,646.17 2 0
gin-artweb/internal/service/sys/role.go:646.17,654.4 2 0
gin-artweb/internal/service/sys/role.go:655.3,655.31 1 0
gin-artweb/internal/service/sys/role.go:658.2,658.20 1 0
gin-artweb/internal/service/sys/role.go:665.43,667.26 2 0
gin-artweb/internal/service/sys/role.go:667.26,668.53 1 0
gin-artweb/internal/service/sys/role.go:668.53,670.4 1 0
gin-artweb/internal/service/sys/role.go:672.2,673.33 2 0
gin-artweb/internal/service/sys/role.go:673.33,675.17 2 0
gin-artweb/internal/service/sys/role.go:675.17,677.4 1 0
gin-artweb/internal/service/sys/role.go:678.3,678.46 1 0
gin-artweb/internal/service/sys/role.go:680.2,681.28 2 0
gin-artweb/internal/service/sys/role.go:681.28,682.28 1 0
gin-artweb/internal/service/sys/role.go:682.28,684.4 1 0
gin-artweb/internal/service/sys/role.go:686.2,690.8 1 0
gin-artweb/internal/service/sys/user.go:44.16,54.2 1 0
gin-artweb/internal/service/sys/user.go:59.40,61.22 2 0
gin-artweb/internal/service/sys/user.go:61.22,63.3 1 0
gin-artweb/internal/service/sys/user.go:64.2,67.16 3 0
gin-artweb/internal/service/sys/user.go:67.16,75.3 2 0
gin-artweb/internal/service/sys/user.go:76.2,76.15 1 0
gin-artweb/internal/service/sys/user.go:82.40,84.22 2 0
gin-artweb/internal/service/sys/user.go:84.22,86.3 1 0
gin-artweb/internal/service/sys/user.go:87.2,95.65 3 0
gin-artweb/internal/service/sys/user.go:95.65,102.3 2 0
gin-artweb/internal/service/sys/user.go:104.2,107.68 2 0
gin-artweb/internal/service/sys/user.go:107.68,114.3 2 0
gin-artweb/internal/service/sys/user.go:114.8,116.3 1 0
gin-artweb/internal/service/sys/user.go:119.2,120.17 2 0
gin-artweb/internal/service/sys/user.go:120.17,128.3 2 0
gin-artweb/internal/service/sys/user.go:129.2,131.56 2 0
gin-artweb/internal/service/sys/user.go:131.56,139.3 2 0
gin-artweb/internal/service/sys/user.go:141.2,146.16 2 0
gin-artweb/internal/service/sys/user.go:153.17,155.22 2 0
gin-artweb/internal/service/sys/user.go:155.22,157.3 1 0
gin-artweb/internal/service/sys/user.go:158.2,167.82 4 0
gin-artweb/internal/service/sys/user.go:167.82,176.3 2 0
gin-artweb/internal/service/sys/user.go:178.2,183.12 2 0
gin-artweb/internal/service/sys/user.go:189.17,191.22 2 0
gin-artweb/internal/service/sys/user.go:191.22,193.3 1 0
gin-artweb/internal/service/sys/user.go:194.2,201.60 3 0
gin-artweb/internal/service/sys/user.go:201.60,209.3 2 0
gin-artweb/internal/service/sys/user.go:211.2,216.12 2 0
gin-artweb/internal/service/sys/user.go:223.40,225.22 2 0
gin-artweb/internal/service/sys/user.go:225.22,227.3 1 0
gin-artweb/internal/service/sys/user.go:228.2,231.16 3 0
gin-artweb/internal/service/sys/user.go:231.16,240.3 2 0
gin-artweb/internal/service/sys/user.go:242.2,246.15 2 0
gin-artweb/internal/service/sys/user.go:253.40,255.22 2 0
gin-artweb/internal/service/sys/user.go:255.22,257.3 1 0
gin-artweb/internal/service/sys/user.go:258.2,261.16 3 0
gin-artweb/internal/service/sys/user.go:261.16,270.3 2 0
gin-artweb/internal/service/sys/user.go:272.2,276.15 2 0
gin-artweb/internal/service/sys/user.go:283.48,285.22 2 0
gin-artweb/internal/service/sys/user.go:285.22,287.3 1 0
gin-artweb/internal/service/sys/user.go:288.2,307.16 6 0
gin-artweb/internal/service/sys/user.go:307.16,315.3 2 0
gin-artweb/internal/service/sys/user.go:317.2,317.16 1 0
gin-artweb/internal/service/sys/user.go:317.16,323.3 2 0
gin-artweb/internal/service/sys/user.go:325.2,326.16 2 0
gin-artweb/internal/service/sys/user.go:326.16,334.3 2 0
gin-artweb/internal/service/sys/user.go:335.2,335.23 1 0
gin-artweb/internal/service/sys/user.go:342.55,344.22 2 0
gin-artweb/internal/service/sys/user.go:344.22,346.3 1 0
gin-artweb/internal/service/sys/user.go:347.2,366.16 6 0
gin-artweb/internal/service/sys/user.go:366.16,374.3 2 0
gin-artweb/internal/service/sys/user.go:376.2,376.16 1 0
gin-artweb/internal/service/sys/user.go:376.16,382.3 2 0
gin-artweb/internal/service/sys/user.go:384.2,385.16 2 0
gin-artweb/internal/service/sys/user.go:385.16,393.3 2 0
gin-artweb/internal/service/sys/user.go:394.2,394.23 1 0
gin-artweb/internal/service/sys/user.go:401.35,403.22 2 0
gin-artweb/internal/service/sys/user.go:403.22,405.3 1 0
gin-artweb/internal/service/sys/user.go:406.2,416.16 4 0
gin-artweb/internal/service/sys/user.go:416.16,425.3 2 0
gin-artweb/internal/service/sys/user.go:427.2,427.14 1 0
gin-artweb/internal/service/sys/user.go:427.14,435.3 2 0
gin-artweb/internal/service/sys/user.go:437.2,445.15 2 0
gin-artweb/internal/service/sys/user.go:445.15,446.63 1 0
gin-artweb/internal/service/sys/user.go:446.63,453.4 1 0
gin-artweb/internal/service/sys/user.go:454.3,454.17 1 0
gin-artweb/internal/service/sys/user.go:454.17,456.4 1 0
gin-artweb/internal/service/sys/user.go:456.9,457.15 1 0
gin-artweb/internal/service/sys/user.go:457.15,459.5 1 0
gin-artweb/internal/service/sys/user.go:461.3,461.77 1 0
gin-artweb/internal/service/sys/user.go:461.77,468.4 1 0
gin-artweb/internal/service/sys/user.go:471.2,472.17 2 0
gin-artweb/internal/service/sys/user.go:472.17,483.3 2 0
gin-artweb/internal/service/sys/user.go:486.2,486.17 1 0
gin-artweb/internal/service/sys/user.go:486.17,495.3 2 0
gin-artweb/internal/service/sys/user.go:497.2,497.73 1 0
gin-artweb/internal/service/sys/user.go:497.73,508.3 2 0
gin-artweb/internal/service/sys/user.go:511.2,526.16 5 0
gin-artweb/internal/service/sys/user.go:526.16,535.3 2 0
gin-artweb/internal/service/sys/user.go:537.2,538.16 2 0
gin-artweb/internal/service/sys/user.go:538.16,547.3 2 0
gin-artweb/internal/service/sys/user.go:548.2,548.39 1 0
gin-artweb/internal/service/sys/user.go:554.17,556.16 2 0
gin-artweb/internal/service/sys/user.go:556.16,558.3 1 0
gin-artweb/internal/service/sys/user.go:560.2,560.15 1 0
gin-artweb/internal/service/sys/user.go:560.15,562.3 1 0
gin-artweb/internal/service/sys/user.go:564.2,564.12 1 0
gin-artweb/internal/service/sys/user.go:570.27,572.16 2 0
gin-artweb/internal/service/sys/user.go:572.16,574.3 1 0
gin-artweb/internal/service/sys/user.go:575.2,575.28 1 0
gin-artweb/internal/service/sys/user.go:580.17,582.39 2 0
gin-artweb/internal/service/sys/user.go:582.39,584.3 1 0
gin-artweb/internal/service/sys/user.go:585.2,585.12 1 0
gin-artweb/internal/service/sys/user.go:592.17,594.22 2 0
gin-artweb/internal/service/sys/user.go:594.22,596.3 1 0
gin-artweb/internal/service/sys/user.go:597.2,604.61 3 0
gin-artweb/internal/service/sys/user.go:604.61,611.3 2 0
gin-artweb/internal/service/sys/user.go:614.2,615.16 2 0
gin-artweb/internal/service/sys/user.go:615.16,622.3 2 0
gin-artweb/internal/service/sys/user.go:625.2,625.114 1 0
gin-artweb/internal/service/sys/user.go:625.114,632.3 2 0
gin-artweb/internal/service/sys/user.go:634.2,639.12 2 0
gin-artweb/internal/service/sys/user.go:647.17,649.22 2 0
gin-artweb/internal/service/sys/user.go:649.22,651.3 1 0
gin-artweb/internal/service/sys/user.go:652.2,656.16 3 0
gin-artweb/internal/service/sys/user.go:656.16,664.3 2 0
gin-artweb/internal/service/sys/user.go:666.2,666.70 1 0
gin-artweb/internal/service/sys/user.go:666.70,674.3 2 0
gin-artweb/internal/service/sys/user.go:676.2,676.65 1 0
gin-artweb/internal/service/sys/user.go:676.65,684.3 2 0
gin-artweb/internal/service/sys/user.go:686.2,686.12 1 0
gin-artweb/internal/service/sys/user.go:692.35,694.22 2 0
gin-artweb/internal/service/sys/user.go:694.22,696.3 1 0
gin-artweb/internal/service/sys/user.go:697.2,700.17 3 0
gin-artweb/internal/service/sys/user.go:700.17,707.3 2 0
gin-artweb/internal/service/sys/user.go:708.2,709.16 2 0
gin-artweb/internal/service/sys/user.go:709.16,716.3 2 0
gin-artweb/internal/service/sys/user.go:717.2,718.16 2 0
gin-artweb/internal/service/sys/user.go:718.16,725.3 2 0
gin-artweb/internal/service/sys/user.go:726.2,726.39 1 0
