mode: set
gin-artweb/internal/repo/oes/colony.go:30.18,36.2 1 1
gin-artweb/internal/repo/oes/colony.go:38.92,42.14 2 1
gin-artweb/internal/repo/oes/colony.go:42.14,49.3 3 1
gin-artweb/internal/repo/oes/colony.go:50.2,57.95 5 1
gin-artweb/internal/repo/oes/colony.go:57.95,65.3 2 0
gin-artweb/internal/repo/oes/colony.go:66.2,71.12 2 1
gin-artweb/internal/repo/oes/colony.go:74.99,78.20 2 1
gin-artweb/internal/repo/oes/colony.go:78.20,87.3 3 1
gin-artweb/internal/repo/oes/colony.go:89.2,97.108 5 1
gin-artweb/internal/repo/oes/colony.go:97.108,106.3 2 0
gin-artweb/internal/repo/oes/colony.go:107.2,113.12 2 1
gin-artweb/internal/repo/oes/colony.go:116.78,126.97 6 1
gin-artweb/internal/repo/oes/colony.go:126.97,134.3 2 0
gin-artweb/internal/repo/oes/colony.go:135.2,140.12 2 1
gin-artweb/internal/repo/oes/colony.go:147.37,158.80 7 1
gin-artweb/internal/repo/oes/colony.go:158.80,166.3 2 1
gin-artweb/internal/repo/oes/colony.go:167.2,173.16 2 1
gin-artweb/internal/repo/oes/colony.go:179.38,190.94 7 1
gin-artweb/internal/repo/oes/colony.go:190.94,198.3 2 0
gin-artweb/internal/repo/oes/colony.go:199.2,204.16 2 1
gin-artweb/internal/repo/oes/colony.go:210.18,221.16 7 1
gin-artweb/internal/repo/oes/colony.go:221.16,229.3 2 0
gin-artweb/internal/repo/oes/colony.go:230.2,236.19 2 1
gin-artweb/internal/repo/oes/colony.go:244.9,249.16 3 1
gin-artweb/internal/repo/oes/colony.go:249.16,250.45 1 1
gin-artweb/internal/repo/oes/colony.go:250.45,259.4 3 1
gin-artweb/internal/repo/oes/colony.go:262.2,264.47 3 1
gin-artweb/internal/repo/oes/colony.go:264.47,271.3 2 1
gin-artweb/internal/repo/oes/colony.go:272.2,272.44 1 1
gin-artweb/internal/repo/oes/colony.go:272.44,279.3 2 0
gin-artweb/internal/repo/oes/colony.go:282.2,283.16 2 1
gin-artweb/internal/repo/oes/colony.go:283.16,290.3 2 1
gin-artweb/internal/repo/oes/colony.go:291.2,293.52 2 0
gin-artweb/internal/repo/oes/colony.go:293.52,300.3 2 0
gin-artweb/internal/repo/oes/colony.go:301.2,301.12 1 0
gin-artweb/internal/repo/oes/colony.go:304.85,308.44 2 1
gin-artweb/internal/repo/oes/colony.go:308.44,309.25 1 1
gin-artweb/internal/repo/oes/colony.go:309.25,316.4 2 1
gin-artweb/internal/repo/oes/colony.go:317.3,322.86 2 0
gin-artweb/internal/repo/oes/colony.go:325.2,325.43 1 1
gin-artweb/internal/repo/oes/colony.go:325.43,332.3 2 0
gin-artweb/internal/repo/oes/colony.go:333.2,333.12 1 1
gin-artweb/internal/repo/oes/cron.go:27.16,33.2 1 1
gin-artweb/internal/repo/oes/cron.go:35.88,39.14 2 1
gin-artweb/internal/repo/oes/cron.go:39.14,46.3 3 1
gin-artweb/internal/repo/oes/cron.go:47.2,54.93 5 1
gin-artweb/internal/repo/oes/cron.go:54.93,62.3 2 0
gin-artweb/internal/repo/oes/cron.go:63.2,68.12 2 1
gin-artweb/internal/repo/oes/cron.go:71.97,75.20 2 1
gin-artweb/internal/repo/oes/cron.go:75.20,83.3 3 1
gin-artweb/internal/repo/oes/cron.go:84.2,92.106 5 1
gin-artweb/internal/repo/oes/cron.go:92.106,101.3 2 0
gin-artweb/internal/repo/oes/cron.go:102.2,108.12 2 1
gin-artweb/internal/repo/oes/cron.go:111.76,121.95 6 1
gin-artweb/internal/repo/oes/cron.go:121.95,129.3 2 0
gin-artweb/internal/repo/oes/cron.go:130.2,135.12 2 1
gin-artweb/internal/repo/oes/cron.go:142.35,153.80 7 1
gin-artweb/internal/repo/oes/cron.go:153.80,161.3 2 1
gin-artweb/internal/repo/oes/cron.go:162.2,168.16 2 1
gin-artweb/internal/repo/oes/cron.go:174.36,185.92 7 1
gin-artweb/internal/repo/oes/cron.go:185.92,193.3 2 0
gin-artweb/internal/repo/oes/cron.go:194.2,199.16 2 1
gin-artweb/internal/repo/oes/cron.go:205.18,217.16 8 1
gin-artweb/internal/repo/oes/cron.go:217.16,225.3 2 0
gin-artweb/internal/repo/oes/cron.go:226.2,232.19 2 1
gin-artweb/internal/repo/oes/node.go:27.16,33.2 1 1
gin-artweb/internal/repo/oes/node.go:35.88,39.14 2 1
gin-artweb/internal/repo/oes/node.go:39.14,46.3 3 1
gin-artweb/internal/repo/oes/node.go:47.2,54.93 5 1
gin-artweb/internal/repo/oes/node.go:54.93,62.3 2 0
gin-artweb/internal/repo/oes/node.go:63.2,68.12 2 1
gin-artweb/internal/repo/oes/node.go:71.97,75.20 2 1
gin-artweb/internal/repo/oes/node.go:75.20,83.3 3 1
gin-artweb/internal/repo/oes/node.go:84.2,92.106 5 1
gin-artweb/internal/repo/oes/node.go:92.106,101.3 2 0
gin-artweb/internal/repo/oes/node.go:102.2,108.12 2 1
gin-artweb/internal/repo/oes/node.go:111.76,121.95 6 1
gin-artweb/internal/repo/oes/node.go:121.95,129.3 2 0
gin-artweb/internal/repo/oes/node.go:130.2,135.12 2 1
gin-artweb/internal/repo/oes/node.go:142.35,153.80 7 1
gin-artweb/internal/repo/oes/node.go:153.80,161.3 2 1
gin-artweb/internal/repo/oes/node.go:162.2,168.16 2 1
gin-artweb/internal/repo/oes/node.go:174.36,185.92 7 1
gin-artweb/internal/repo/oes/node.go:185.92,193.3 2 0
gin-artweb/internal/repo/oes/node.go:194.2,199.16 2 1
gin-artweb/internal/repo/oes/node.go:205.18,217.16 8 1
gin-artweb/internal/repo/oes/node.go:217.16,225.3 2 0
gin-artweb/internal/repo/oes/node.go:226.2,232.19 2 1
